{
    "hello_checksum": {
        "content": [
            [
                [
                    {
                        "id": "hello"
                    },
                    "hello.txt.md5:md5,5c18e1db5460fb32fed66966483165fd"
                ]
            ]
        ],
        "meta": {
            "nf-test": "0.8.4",
            "nextflow": "23.10.1"
        },
        "timestamp": "2024-03-19T21:37:57.984016644"
    },
    "hello_checksum_BSD": {
        "content": [
            [
                [
                    {
                        "id": "hello"
                    },
                    "hello.txt.md5:md5,152a03f5dc7aa8db6612f63154ecbca2"
                ]
            ]
        ],
        "meta": {
            "nf-test": "0.8.4",
            "nextflow": "23.10.1"
        },
        "timestamp": "2024-03-19T21:38:00.653988269"
    }
}